  DirectoryManager.cpp
  DirectXAPI.cpp
  FileManager.cpp
  Debug.cpp
  GraphicsWrapper.cpp
  main.cpp
  Mesh.cpp
  MeshGenerator.cpp
  OpenGLAPI.cpp
C:\Users\Stavi\Desktop\3DEngineFoundation\source\OpenGLAPI.cpp(183,20): warning C4244: 'initializing': conversion from 'double' to 'float', possible loss of data
C:\Users\Stavi\Desktop\3DEngineFoundation\source\OpenGLAPI.cpp(198,53): warning C4244: '-=': conversion from 'double' to 'float', possible loss of data
C:\Users\Stavi\Desktop\3DEngineFoundation\source\OpenGLAPI.cpp(201,53): warning C4244: '+=': conversion from 'double' to 'float', possible loss of data
  Timer.cpp
  Generating Code...
OpenGLAPI.obj : error LNK2019: unresolved external symbol __imp_glBindTexture referenced in function "public: virtual void __cdecl OpenGLAPI::ExecuteRenderCommands(void)" (?ExecuteRenderCommands@OpenGLAPI@@UEAAXXZ)
OpenGLAPI.obj : error LNK2019: unresolved external symbol __imp_glClear referenced in function "public: virtual void __cdecl OpenGLAPI::ClearScreen(void)" (?ClearScreen@OpenGLAPI@@UEAAXXZ)
OpenGLAPI.obj : error LNK2019: unresolved external symbol __imp_glDrawElements referenced in function "public: virtual void __cdecl OpenGLAPI::ExecuteRenderCommands(void)" (?ExecuteRenderCommands@OpenGLAPI@@UEAAXXZ)
OpenGLAPI.obj : error LNK2019: unresolved external symbol __imp_glEnable referenced in function "public: virtual void __cdecl OpenGLAPI::Initialize(void)" (?Initialize@OpenGLAPI@@UEAAXXZ)
OpenGLAPI.obj : error LNK2019: unresolved external symbol __imp_glGenTextures referenced in function "public: virtual void __cdecl OpenGLAPI::Initialize(void)" (?Initialize@OpenGLAPI@@UEAAXXZ)
OpenGLAPI.obj : error LNK2019: unresolved external symbol __imp_glTexImage2D referenced in function "public: virtual void __cdecl OpenGLAPI::Initialize(void)" (?Initialize@OpenGLAPI@@UEAAXXZ)
OpenGLAPI.obj : error LNK2019: unresolved external symbol __imp_glTexParameteri referenced in function "public: virtual void __cdecl OpenGLAPI::Initialize(void)" (?Initialize@OpenGLAPI@@UEAAXXZ)
OpenGLAPI.obj : error LNK2019: unresolved external symbol __imp_glewInit referenced in function "public: virtual void __cdecl OpenGLAPI::Initialize(void)" (?Initialize@OpenGLAPI@@UEAAXXZ)
OpenGLAPI.obj : error LNK2019: unresolved external symbol glfwInit referenced in function "public: virtual void __cdecl OpenGLAPI::Initialize(void)" (?Initialize@OpenGLAPI@@UEAAXXZ)
OpenGLAPI.obj : error LNK2019: unresolved external symbol glfwTerminate referenced in function "public: virtual void __cdecl OpenGLAPI::ExecuteRenderCommands(void)" (?ExecuteRenderCommands@OpenGLAPI@@UEAAXXZ)
OpenGLAPI.obj : error LNK2019: unresolved external symbol glfwCreateWindow referenced in function "public: virtual void __cdecl OpenGLAPI::Initialize(void)" (?Initialize@OpenGLAPI@@UEAAXXZ)
OpenGLAPI.obj : error LNK2019: unresolved external symbol glfwWindowShouldClose referenced in function "public: virtual void __cdecl OpenGLAPI::ExecuteRenderCommands(void)" (?ExecuteRenderCommands@OpenGLAPI@@UEAAXXZ)
OpenGLAPI.obj : error LNK2019: unresolved external symbol glfwPollEvents referenced in function "public: virtual void __cdecl OpenGLAPI::ExecuteRenderCommands(void)" (?ExecuteRenderCommands@OpenGLAPI@@UEAAXXZ)
OpenGLAPI.obj : error LNK2019: unresolved external symbol glfwGetKey referenced in function "public: virtual void __cdecl OpenGLAPI::ExecuteRenderCommands(void)" (?ExecuteRenderCommands@OpenGLAPI@@UEAAXXZ)
OpenGLAPI.obj : error LNK2019: unresolved external symbol glfwGetTime referenced in function "public: virtual void __cdecl OpenGLAPI::ExecuteRenderCommands(void)" (?ExecuteRenderCommands@OpenGLAPI@@UEAAXXZ)
OpenGLAPI.obj : error LNK2019: unresolved external symbol glfwMakeContextCurrent referenced in function "public: virtual void __cdecl OpenGLAPI::Initialize(void)" (?Initialize@OpenGLAPI@@UEAAXXZ)
OpenGLAPI.obj : error LNK2019: unresolved external symbol glfwSwapBuffers referenced in function "public: virtual void __cdecl OpenGLAPI::ExecuteRenderCommands(void)" (?ExecuteRenderCommands@OpenGLAPI@@UEAAXXZ)
OpenGLAPI.obj : error LNK2019: unresolved external symbol __imp___glewActiveTexture referenced in function "public: virtual void __cdecl OpenGLAPI::ExecuteRenderCommands(void)" (?ExecuteRenderCommands@OpenGLAPI@@UEAAXXZ)
OpenGLAPI.obj : error LNK2019: unresolved external symbol __imp___glewBindBuffer referenced in function "public: virtual void __cdecl OpenGLAPI::Initialize(void)" (?Initialize@OpenGLAPI@@UEAAXXZ)
OpenGLAPI.obj : error LNK2019: unresolved external symbol __imp___glewBufferData referenced in function "public: virtual void __cdecl OpenGLAPI::Initialize(void)" (?Initialize@OpenGLAPI@@UEAAXXZ)
OpenGLAPI.obj : error LNK2019: unresolved external symbol __imp___glewDeleteBuffers referenced in function "public: virtual void __cdecl OpenGLAPI::ExecuteRenderCommands(void)" (?ExecuteRenderCommands@OpenGLAPI@@UEAAXXZ)
OpenGLAPI.obj : error LNK2019: unresolved external symbol __imp___glewGenBuffers referenced in function "public: virtual void __cdecl OpenGLAPI::Initialize(void)" (?Initialize@OpenGLAPI@@UEAAXXZ)
OpenGLAPI.obj : error LNK2019: unresolved external symbol __imp___glewAttachShader referenced in function "public: virtual void __cdecl OpenGLAPI::Initialize(void)" (?Initialize@OpenGLAPI@@UEAAXXZ)
OpenGLAPI.obj : error LNK2019: unresolved external symbol __imp___glewCompileShader referenced in function "public: virtual void __cdecl OpenGLAPI::Initialize(void)" (?Initialize@OpenGLAPI@@UEAAXXZ)
OpenGLAPI.obj : error LNK2019: unresolved external symbol __imp___glewCreateProgram referenced in function "public: virtual void __cdecl OpenGLAPI::Initialize(void)" (?Initialize@OpenGLAPI@@UEAAXXZ)
OpenGLAPI.obj : error LNK2019: unresolved external symbol __imp___glewCreateShader referenced in function "public: virtual void __cdecl OpenGLAPI::Initialize(void)" (?Initialize@OpenGLAPI@@UEAAXXZ)
OpenGLAPI.obj : error LNK2019: unresolved external symbol __imp___glewDeleteProgram referenced in function "public: virtual void __cdecl OpenGLAPI::ExecuteRenderCommands(void)" (?ExecuteRenderCommands@OpenGLAPI@@UEAAXXZ)
OpenGLAPI.obj : error LNK2019: unresolved external symbol __imp___glewEnableVertexAttribArray referenced in function "public: virtual void __cdecl OpenGLAPI::Initialize(void)" (?Initialize@OpenGLAPI@@UEAAXXZ)
OpenGLAPI.obj : error LNK2019: unresolved external symbol __imp___glewGetUniformLocation referenced in function "public: virtual void __cdecl OpenGLAPI::Initialize(void)" (?Initialize@OpenGLAPI@@UEAAXXZ)
OpenGLAPI.obj : error LNK2019: unresolved external symbol __imp___glewLinkProgram referenced in function "public: virtual void __cdecl OpenGLAPI::Initialize(void)" (?Initialize@OpenGLAPI@@UEAAXXZ)
OpenGLAPI.obj : error LNK2019: unresolved external symbol __imp___glewShaderSource referenced in function "public: virtual void __cdecl OpenGLAPI::Initialize(void)" (?Initialize@OpenGLAPI@@UEAAXXZ)
OpenGLAPI.obj : error LNK2019: unresolved external symbol __imp___glewUniformMatrix4fv referenced in function "public: virtual void __cdecl OpenGLAPI::ExecuteRenderCommands(void)" (?ExecuteRenderCommands@OpenGLAPI@@UEAAXXZ)
OpenGLAPI.obj : error LNK2019: unresolved external symbol __imp___glewUseProgram referenced in function "public: virtual void __cdecl OpenGLAPI::Initialize(void)" (?Initialize@OpenGLAPI@@UEAAXXZ)
OpenGLAPI.obj : error LNK2019: unresolved external symbol __imp___glewVertexAttribPointer referenced in function "public: virtual void __cdecl OpenGLAPI::Initialize(void)" (?Initialize@OpenGLAPI@@UEAAXXZ)
OpenGLAPI.obj : error LNK2019: unresolved external symbol __imp___glewGenerateMipmap referenced in function "public: virtual void __cdecl OpenGLAPI::Initialize(void)" (?Initialize@OpenGLAPI@@UEAAXXZ)
OpenGLAPI.obj : error LNK2019: unresolved external symbol __imp___glewBindVertexArray referenced in function "public: virtual void __cdecl OpenGLAPI::ExecuteRenderCommands(void)" (?ExecuteRenderCommands@OpenGLAPI@@UEAAXXZ)
OpenGLAPI.obj : error LNK2019: unresolved external symbol __imp___glewDeleteVertexArrays referenced in function "public: virtual void __cdecl OpenGLAPI::ExecuteRenderCommands(void)" (?ExecuteRenderCommands@OpenGLAPI@@UEAAXXZ)
OpenGLAPI.obj : error LNK2019: unresolved external symbol __imp___glewGenVertexArrays referenced in function "public: virtual void __cdecl OpenGLAPI::Initialize(void)" (?Initialize@OpenGLAPI@@UEAAXXZ)
C:\Users\Stavi\Desktop\3DEngineFoundation\x64\Debug\3DEngineFoundation.exe : fatal error LNK1120: 38 unresolved externals
